[02:54:54] [main/INFO]: [STDOUT]: id:stone 1
[02:54:54] [main/INFO]: [STDOUT]: id:diamond_sword 964
[02:54:54] [main/INFO]: [STDOUT]: id:iron_pickaxe 961
[02:54:54] [main/INFO]: [STDOUT]: id:paper 1057
[02:54:54] [main/INFO]: [STDOUT]: id:stick 974
[02:54:54] [main/INFO]: [STDOUT]: id:bundle 1065
[02:54:54] [main/INFO]: [STDOUT]: id:gold_ingot 936
[02:54:54] [main/INFO]: [STDOUT]: patch:empty 0000
[02:54:54] [main/INFO]: [STDOUT]: patch:custom_name 010006080009457863616c69627572
[02:54:54] [main/INFO]: [STDOUT]: patch:damage_42 0100032a
[02:54:54] [main/INFO]: [STDOUT]: patch:block_state 01004c010461786973017a
[02:54:54] [main/INFO]: [STDOUT]: patch:repairable_items 010021039e079f07
[02:54:54] [main/INFO]: [STDOUT]: patch:pot_decorations 01004a049e089e079e089f07
[02:54:54] [main/INFO]: [STDOUT]: patch:lore_two_lines 01000b0208000566697273740800067365636f6e64
[02:54:54] [main/INFO]: [STDOUT]: patch:custom_data 0100000a0800086879706572696f6e00066d61726b657200
[02:54:54] [main/INFO]: [STDOUT]: patch:model_unbreakable_maxstack 03000a0d6879706572696f6e3a77616e64040101
[02:54:54] [main/INFO]: [STDOUT]: patch:removals_only 0002100c
[02:54:54] [main/INFO]: [STDOUT]: patch:set_and_removed 010103070c
[02:54:54] [main/INFO]: [STDOUT]: patch:attribute_modifiers 01001001030d6879706572696f6e3a74657374400c000000000000000100
[02:54:54] [main/INFO]: [STDOUT]: patch:bundle_contents 01003201a807070100060800046c6f6f74
[02:54:54] [main/INFO]: [STDOUT]: template_named_gold a807070100060800046c6f6f74
